// Jest Snapshot v1, https://goo.gl/fbAQLP

exports[`Reset Password Page Styled Components Should match the stored <ResetPasswordFormContainer /> snapshot 1`] = `
<div
  className=""
/>
`;

exports[`Reset Password Page Styled Components Should match the stored <ResetPasswordPageContainer /> snapshot 1`] = `
<div
  className=""
/>
`;
