// Jest Snapshot v1, https://goo.gl/fbAQLP

exports[`Login Page Styled Components Should match the stored <LoginPageContainer /> snapshot 1`] = `
.c0 {
  height: 100%;
  width: 100%;
  -webkit-box-pack: center;
  -webkit-justify-content: center;
  -ms-flex-pack: center;
  justify-content: center;
  -webkit-align-items: center;
  -webkit-box-align: center;
  -ms-flex-align: center;
  align-items: center;
  padding-top: 200px;
  padding-left: 200px;
}

<div
  className="c0"
/>
`;
